JS TO QD  
  AC HOME4
DEAL


h4 to c5
3s TO h4


2c to ac







3c up



8s TO 9D

h7 TO 8s
6s TO 7h


10C TO Jh
d9 c10
10h To SJ
7s d8
Ah up
Qh TO Ks

2d TO 3s


DA
D2


 5D 6s
  C4   3c
5c TO 6h 
  deal  
h2 uP   




s9 H10
8d 9♠
2♠ 3d

4♠ 5d
3d 4♠
6♥ 7♠
K♠ emptY


6d 7♣






3♥ 2♥


5♠ 6d
4d 5♠


9♥ 10♠
8C 9H
JC QH
10D JC




7D 8C
6C 7D
5H 6C

KD EMPTY5

QC KD

JD QC
10S JD
AS up
2S AS
3S 2S

KH Empty


QS KH

3D 2D
4D 3D
4H 3H
4S 3S
5C 4C
5H 4H
5D 4D
5S 4S
6D 5D
6C 5C
7C 6C
KC empty6
9C 10D
8H 9C
QD KC
JH QS
6S 5S
6H 5H
7S 6S
7H 6H
7D 6D
8H 7H
8S 7S
8C 7C
8D 7D
9C 8C
9D 8D
9H 8H
9S 8S
10D 9D
10C 9C
10S 9S
10H 9H
JC
JH
JD
JS
QH
QS
QC
QD
KS
KH
KD
KC
  quit  
